// Jest Snapshot v1, https://goo.gl/fbAQLP

exports[`PrintModal.vue should render component 1`] = `
Object {
  "$_vueTestUtils_original": [Circular],
  "_Ctor": Object {},
  "components": Object {
    "mnemonic-table-to-display": Object {
      "_compiled": true,
      "data": [Function],
      "functional": true,
      "props": Object {
        "isTwentyFour": Object {
          "default": false,
          "type": [Function],
        },
        "mnemonic": Object {
          "default": [Function],
          "type": [Function],
        },
      },
      "render": [Function],
      "staticRenderFns": Array [
        [Function],
        [Function],
      ],
    },
    "mnemonic-table-to-print": Object {
      "_Ctor": Object {
        "115": [Function],
      },
      "_compiled": true,
      "data": [Function],
      "functional": true,
      "props": Object {
        "isTwentyFour": Object {
          "default": false,
          "type": [Function],
        },
        "mnemonic": Object {
          "default": [Function],
          "type": [Function],
        },
      },
      "render": [Function],
      "staticRenderFns": Array [
        [Function],
        [Function],
      ],
    },
    "standard-button": Object {
      "beforeDestroy": [Function],
      "beforeMount": [Function],
      "components": Object {
        "check-box": Object {
          "data": [Function],
          "methods": Object {
            "checkBoxClicked": [Function],
          },
          "props": Object {
            "terms": Object {
              "default": false,
              "type": [Function],
            },
          },
          "render": [Function],
          "staticRenderFns": Array [],
        },
        "customer-support": Object {
          "computed": Object {
            "issueLinkOut": [Function],
          },
          "data": [Function],
          "methods": Object {
            "showModal": [Function],
          },
          "mounted": [Function],
          "props": Object {
            "noIcon": Object {
              "default": false,
              "type": [Function],
            },
            "show": Object {
              "default": false,
              "type": [Function],
            },
          },
          "render": [Function],
          "staticRenderFns": Array [],
          "watch": Object {
            "show": [Function],
          },
        },
      },
      "computed": Object {
        "buttonClass": [Function],
        "diableButton": [Function],
      },
      "data": [Function],
      "methods": Object {
        "onPageScroll": [Function],
        "updateCheckbox": [Function],
      },
      "props": Object {
        "buttonDisabled": Object {
          "default": false,
          "type": [Function],
        },
        "clickFunction": Object {
          "default": [Function],
          "type": [Function],
        },
        "options": Object {
          "default": [Function],
          "type": [Function],
        },
        "spinner": Object {
          "default": false,
          "type": [Function],
        },
      },
      "render": [Function],
      "staticRenderFns": Array [
        [Function],
      ],
    },
  },
  "data": [Function],
  "methods": Object {
    "print": [Function],
  },
  "props": Object {
    "isTwentyFour": Object {
      "default": false,
      "type": [Function],
    },
    "mnemonic": Object {
      "default": [Function],
      "type": [Function],
    },
  },
  "render": [Function],
  "staticRenderFns": Array [],
}
`;
